Microsoft Windows [Versión 10.0.19041.685]
(c) 2020 Microsoft Corporation. Todos los derechos reservados.

C:\Users\USER> cdC:\Users\USER\Desktop\Programacion Geoespacial 1 semestre Quishpe Tania\ESPE202011_FP_GEO_3285\workshops
El nombre de archivo, el nombre de directorio o la sintaxis de la etiqueta del volumen no son correctos.
C:\Users\USER>cd C:\Users\USER\Desktop\Programacion Geoespacial 1 semestre Quishpe Tania\ESPE202011_FP_GEO_3285\workshops
El sistema no puede encontrar la ruta especificada.

C:\Users\USER>cd C:\Users\USER\Desktop\Programacion Geoespacial 1 semestre Quishpe Tania\ESPE202011_FP_GEO_3285\workshops
El sistema no puede encontrar la ruta especificada.

C:\Users\USER>cd C:\Users\USER\Desktop\Programacion Quishpe Tania

C:\Users\USER\Desktop\Programacion Quishpe Tania>dir
 El volumen de la unidad C es WIN10
 El número de serie del volumen es: B403-E2E3

 Directorio de C:\Users\USER\Desktop\Programacion Quishpe Tania

04/01/2021  16:22    <DIR>          .
04/01/2021  16:22    <DIR>          ..
06/01/2021  13:36    <DIR>          ESPE202011_FP_GEO_3285
               0 archivos              0 bytes
               3 dirs  48.608.112.640 bytes libres

C:\Users\USER\Desktop\Programacion Quishpe Tania>dir /a
 El volumen de la unidad C es WIN10
 El número de serie del volumen es: B403-E2E3

 Directorio de C:\Users\USER\Desktop\Programacion Quishpe Tania

04/01/2021  16:22    <DIR>          .
04/01/2021  16:22    <DIR>          ..
06/01/2021  13:36    <DIR>          ESPE202011_FP_GEO_3285
               0 archivos              0 bytes
               3 dirs  48.605.949.952 bytes libres

C:\Users\USER\Desktop\Programacion Quishpe Tania>cd workshops
El sistema no puede encontrar la ruta especificada.

C:\Users\USER\Desktop\Programacion Quishpe Tania>cd C:\Users\USER\Desktop\Programacion Quishpe Tania\ESPE202011_FP_GEO_3285\workshops

C:\Users\USER\Desktop\Programacion Quishpe Tania\ESPE202011_FP_GEO_3285\workshops>dir
 El volumen de la unidad C es WIN10
 El número de serie del volumen es: B403-E2E3

 Directorio de C:\Users\USER\Desktop\Programacion Quishpe Tania\ESPE202011_FP_GEO_3285\workshops

06/01/2021  13:32    <DIR>          .
06/01/2021  13:32    <DIR>          ..
06/01/2021  13:36    <DIR>          BasicOperactions
04/01/2021  17:48    <DIR>          FP02_controlStatement
06/01/2021  13:17    <DIR>          unit 1
               0 archivos              0 bytes
               5 dirs  48.598.409.216 bytes libres

C:\Users\USER\Desktop\Programacion Quishpe Tania\ESPE202011_FP_GEO_3285\workshops>mkdir unit1

C:\Users\USER\Desktop\Programacion Quishpe Tania\ESPE202011_FP_GEO_3285\workshops>cd unit1

C:\Users\USER\Desktop\Programacion Quishpe Tania\ESPE202011_FP_GEO_3285\workshops\unit1>mkdir ws03operators

C:\Users\USER\Desktop\Programacion Quishpe Tania\ESPE202011_FP_GEO_3285\workshops\unit1>
C:\Users\USER\Desktop\Programacion Quishpe Tania\ESPE202011_FP_GEO_3285\workshops\unit1>dir
 El volumen de la unidad C es WIN10
 El número de serie del volumen es: B403-E2E3

 Directorio de C:\Users\USER\Desktop\Programacion Quishpe Tania\ESPE202011_FP_GEO_3285\workshops\unit1

06/01/2021  17:13    <DIR>          .
06/01/2021  17:13    <DIR>          ..
06/01/2021  17:13    <DIR>          ws03operators
               0 archivos              0 bytes
               3 dirs  48.578.564.096 bytes libres

C:\Users\USER\Desktop\Programacion Quishpe Tania\ESPE202011_FP_GEO_3285\workshops\unit1>dir
 El volumen de la unidad C es WIN10
 El número de serie del volumen es: B403-E2E3

 Directorio de C:\Users\USER\Desktop\Programacion Quishpe Tania\ESPE202011_FP_GEO_3285\workshops\unit1

06/01/2021  17:13    <DIR>          .
06/01/2021  17:13    <DIR>          ..
06/01/2021  17:13    <DIR>          ws03operators
               0 archivos              0 bytes
               3 dirs  48.575.750.144 bytes libres

C:\Users\USER\Desktop\Programacion Quishpe Tania\ESPE202011_FP_GEO_3285\workshops\unit1>cd C:\Users\USER\Desktop\Programacion Quishpe Tania\ESPE202011_FP_GEO_3285

C:\Users\USER\Desktop\Programacion Quishpe Tania\ESPE202011_FP_GEO_3285>dir
 El volumen de la unidad C es WIN10
 El número de serie del volumen es: B403-E2E3

 Directorio de C:\Users\USER\Desktop\Programacion Quishpe Tania\ESPE202011_FP_GEO_3285

06/01/2021  13:36    <DIR>          .
06/01/2021  13:36    <DIR>          ..
06/01/2021  13:36               165 .gitignore
06/01/2021  12:43    <DIR>          assigments
04/01/2021  16:22                24 README.md
06/01/2021  17:10    <DIR>          workshops
               2 archivos            189 bytes
               4 dirs  48.573.698.048 bytes libres

C:\Users\USER\Desktop\Programacion Quishpe Tania\ESPE202011_FP_GEO_3285>more readme
No se puede tener acceso al archivo C:\Users\USER\Desktop\Programacion Quishpe Tania\ESPE202011_FP_GEO_3285\readme

C:\Users\USER\Desktop\Programacion Quishpe Tania\ESPE202011_FP_GEO_3285>cd assigments

C:\Users\USER\Desktop\Programacion Quishpe Tania\ESPE202011_FP_GEO_3285\assigments>dir
 El volumen de la unidad C es WIN10
 El número de serie del volumen es: B403-E2E3

 Directorio de C:\Users\USER\Desktop\Programacion Quishpe Tania\ESPE202011_FP_GEO_3285\assigments

06/01/2021  17:28    <DIR>          .
06/01/2021  17:28    <DIR>          ..
06/01/2021  17:30                25 README.txt
               1 archivos             25 bytes
               2 dirs  48.556.232.704 bytes libres

C:\Users\USER\Desktop\Programacion Quishpe Tania\ESPE202011_FP_GEO_3285\assigments>cd ..

C:\Users\USER\Desktop\Programacion Quishpe Tania\ESPE202011_FP_GEO_3285>dir
 El volumen de la unidad C es WIN10
 El número de serie del volumen es: B403-E2E3

 Directorio de C:\Users\USER\Desktop\Programacion Quishpe Tania\ESPE202011_FP_GEO_3285

06/01/2021  13:36    <DIR>          .
06/01/2021  13:36    <DIR>          ..
06/01/2021  13:36               165 .gitignore
06/01/2021  17:28    <DIR>          assigments
04/01/2021  16:22                24 README.md
06/01/2021  17:10    <DIR>          workshops
               2 archivos            189 bytes
               4 dirs  48.600.412.160 bytes libres

C:\Users\USER\Desktop\Programacion Quishpe Tania\ESPE202011_FP_GEO_3285>cd workshops

C:\Users\USER\Desktop\Programacion Quishpe Tania\ESPE202011_FP_GEO_3285\workshops>dir
 El volumen de la unidad C es WIN10
 El número de serie del volumen es: B403-E2E3

 Directorio de C:\Users\USER\Desktop\Programacion Quishpe Tania\ESPE202011_FP_GEO_3285\workshops

06/01/2021  17:10    <DIR>          .
06/01/2021  17:10    <DIR>          ..
06/01/2021  13:36    <DIR>          BasicOperactions
04/01/2021  17:48    <DIR>          FP02_controlStatement
06/01/2021  13:17    <DIR>          unit 1
06/01/2021  17:13    <DIR>          unit1
               0 archivos              0 bytes
               6 dirs  48.599.732.224 bytes libres

C:\Users\USER\Desktop\Programacion Quishpe Tania\ESPE202011_FP_GEO_3285\workshops>unit1
"unit1" no se reconoce como un comando interno o externo,
programa o archivo por lotes ejecutable.

C:\Users\USER\Desktop\Programacion Quishpe Tania\ESPE202011_FP_GEO_3285\workshops>dir
 El volumen de la unidad C es WIN10
 El número de serie del volumen es: B403-E2E3

 Directorio de C:\Users\USER\Desktop\Programacion Quishpe Tania\ESPE202011_FP_GEO_3285\workshops

06/01/2021  17:10    <DIR>          .
06/01/2021  17:10    <DIR>          ..
06/01/2021  13:36    <DIR>          BasicOperactions
04/01/2021  17:48    <DIR>          FP02_controlStatement
06/01/2021  13:17    <DIR>          unit 1
06/01/2021  17:13    <DIR>          unit1
               0 archivos              0 bytes
               6 dirs  48.599.420.928 bytes libres

C:\Users\USER\Desktop\Programacion Quishpe Tania\ESPE202011_FP_GEO_3285\workshops>unit 1
"unit" no se reconoce como un comando interno o externo,
programa o archivo por lotes ejecutable.

C:\Users\USER\Desktop\Programacion Quishpe Tania\ESPE202011_FP_GEO_3285\workshops>dir
 El volumen de la unidad C es WIN10
 El número de serie del volumen es: B403-E2E3

 Directorio de C:\Users\USER\Desktop\Programacion Quishpe Tania\ESPE202011_FP_GEO_3285\workshops

06/01/2021  17:10    <DIR>          .
06/01/2021  17:10    <DIR>          ..
06/01/2021  13:36    <DIR>          BasicOperactions
04/01/2021  17:48    <DIR>          FP02_controlStatement
06/01/2021  13:17    <DIR>          unit 1
06/01/2021  17:13    <DIR>          unit1
               0 archivos              0 bytes
               6 dirs  48.599.420.928 bytes libres

C:\Users\USER\Desktop\Programacion Quishpe Tania\ESPE202011_FP_GEO_3285\workshops>cd unit1

C:\Users\USER\Desktop\Programacion Quishpe Tania\ESPE202011_FP_GEO_3285\workshops\unit1>dir
 El volumen de la unidad C es WIN10
 El número de serie del volumen es: B403-E2E3

 Directorio de C:\Users\USER\Desktop\Programacion Quishpe Tania\ESPE202011_FP_GEO_3285\workshops\unit1

06/01/2021  17:13    <DIR>          .
06/01/2021  17:13    <DIR>          ..
06/01/2021  17:13    <DIR>          ws03operators
               0 archivos              0 bytes
               3 dirs  48.599.420.928 bytes libres

C:\Users\USER\Desktop\Programacion Quishpe Tania\ESPE202011_FP_GEO_3285\workshops\unit1>echo " Quishpe Tania unit1 workshops " >> README .txt

C:\Users\USER\Desktop\Programacion Quishpe Tania\ESPE202011_FP_GEO_3285\workshops\unit1>dir
 El volumen de la unidad C es WIN10
 El número de serie del volumen es: B403-E2E3

 Directorio de C:\Users\USER\Desktop\Programacion Quishpe Tania\ESPE202011_FP_GEO_3285\workshops\unit1

06/01/2021  17:48    <DIR>          .
06/01/2021  17:48    <DIR>          ..
06/01/2021  17:48                42 README
06/01/2021  17:13    <DIR>          ws03operators
               1 archivos             42 bytes
               3 dirs  48.591.765.504 bytes libres

C:\Users\USER\Desktop\Programacion Quishpe Tania\ESPE202011_FP_GEO_3285\workshops\unit1>cd ...

C:\Users\USER\Desktop\Programacion Quishpe Tania\ESPE202011_FP_GEO_3285\workshops\unit1>cd ..

C:\Users\USER\Desktop\Programacion Quishpe Tania\ESPE202011_FP_GEO_3285\workshops>cd ..

C:\Users\USER\Desktop\Programacion Quishpe Tania\ESPE202011_FP_GEO_3285>git add -A
warning: CRLF will be replaced by LF in .gitignore.
The file will have its original line endings in your working directory
warning: CRLF will be replaced by LF in workshops/BasicOperactions/JavaApplication21/build.xml.
The file will have its original line endings in your working directory
warning: CRLF will be replaced by LF in workshops/BasicOperactions/JavaApplication21/manifest.mf.
The file will have its original line endings in your working directory
warning: CRLF will be replaced by LF in workshops/BasicOperactions/JavaApplication21/nbproject/build-impl.xml.
The file will have its original line endings in your working directory
warning: CRLF will be replaced by LF in workshops/BasicOperactions/JavaApplication21/nbproject/genfiles.properties.
The file will have its original line endings in your working directory
warning: CRLF will be replaced by LF in workshops/BasicOperactions/JavaApplication21/nbproject/project.properties.
The file will have its original line endings in your working directory
warning: CRLF will be replaced by LF in workshops/BasicOperactions/JavaApplication21/nbproject/project.xml.
The file will have its original line endings in your working directory
warning: CRLF will be replaced by LF in workshops/BasicOperactions/JavaApplication21/src/javaapplication21/JavaApplication21.java.
The file will have its original line endings in your working directory
warning: CRLF will be replaced by LF in workshops/BasicOperactions/build.xml.
The file will have its original line endings in your working directory
warning: CRLF will be replaced by LF in workshops/BasicOperactions/lib/nblibraries.properties.
The file will have its original line endings in your working directory
warning: CRLF will be replaced by LF in workshops/BasicOperactions/manifest.mf.
The file will have its original line endings in your working directory
warning: CRLF will be replaced by LF in workshops/BasicOperactions/nblibraries.properties.
The file will have its original line endings in your working directory
warning: CRLF will be replaced by LF in workshops/BasicOperactions/nbproject/build-impl.xml.
The file will have its original line endings in your working directory
warning: CRLF will be replaced by LF in workshops/BasicOperactions/nbproject/genfiles.properties.
The file will have its original line endings in your working directory
warning: CRLF will be replaced by LF in workshops/BasicOperactions/nbproject/project.properties.
The file will have its original line endings in your working directory
warning: CRLF will be replaced by LF in workshops/BasicOperactions/nbproject/project.xml.
The file will have its original line endings in your working directory
warning: CRLF will be replaced by LF in workshops/BasicOperactions/src/basicoperactions/BasicOperactions.java.
The file will have its original line endings in your working directory
warning: CRLF will be replaced by LF in workshops/FP02_controlStatement/build.xml.
The file will have its original line endings in your working directory
warning: CRLF will be replaced by LF in workshops/FP02_controlStatement/manifest.mf.
The file will have its original line endings in your working directory
warning: CRLF will be replaced by LF in workshops/FP02_controlStatement/nbproject/build-impl.xml.
The file will have its original line endings in your working directory
warning: CRLF will be replaced by LF in workshops/FP02_controlStatement/nbproject/genfiles.properties.
The file will have its original line endings in your working directory
warning: CRLF will be replaced by LF in workshops/FP02_controlStatement/nbproject/project.properties.
The file will have its original line endings in your working directory
warning: CRLF will be replaced by LF in workshops/FP02_controlStatement/nbproject/project.xml.
The file will have its original line endings in your working directory
warning: CRLF will be replaced by LF in workshops/FP02_controlStatement/src/fp02_controlstatement/FP02_controlStatement.java.
The file will have its original line endings in your working directory
warning: CRLF will be replaced by LF in workshops/unit 1/README.txt.
The file will have its original line endings in your working directory
warning: CRLF will be replaced by LF in workshops/unit1/README.
The file will have its original line endings in your working directory
warning: CRLF will be replaced by LF in workshops/unit1/ws03operators/BasicOperactiones/build.xml.
The file will have its original line endings in your working directory
warning: CRLF will be replaced by LF in workshops/unit1/ws03operators/BasicOperactiones/lib/nblibraries.properties.
The file will have its original line endings in your working directory
warning: CRLF will be replaced by LF in workshops/unit1/ws03operators/BasicOperactiones/manifest.mf.
The file will have its original line endings in your working directory
warning: CRLF will be replaced by LF in workshops/unit1/ws03operators/BasicOperactiones/nbproject/build-impl.xml.
The file will have its original line endings in your working directory
warning: CRLF will be replaced by LF in workshops/unit1/ws03operators/BasicOperactiones/nbproject/genfiles.properties.
The file will have its original line endings in your working directory
warning: CRLF will be replaced by LF in workshops/unit1/ws03operators/BasicOperactiones/nbproject/project.properties.
The file will have its original line endings in your working directory
warning: CRLF will be replaced by LF in workshops/unit1/ws03operators/BasicOperactiones/nbproject/project.xml.
The file will have its original line endings in your working directory
warning: CRLF will be replaced by LF in workshops/unit1/ws03operators/BasicOperactiones/src/basicoperactiones/BasicOperactiones.java.
The file will have its original line endings in your working directory

C:\Users\USER\Desktop\Programacion Quishpe Tania\ESPE202011_FP_GEO_3285>git add -A
warning: CRLF will be replaced by LF in workshops/unit1/ws03operators/BasicOperactiones/src/basicoperactiones/BasicOperactiones.java.
The file will have its original line endings in your working directory

C:\Users\USER\Desktop\Programacion Quishpe Tania\ESPE202011_FP_GEO_3285>git comit -m"workshop 03 operators"
git: 'comit' is not a git command. See 'git --help'.

The most similar command is
        commit

C:\Users\USER\Desktop\Programacion Quishpe Tania\ESPE202011_FP_GEO_3285>
C:\Users\USER\Desktop\Programacion Quishpe Tania\ESPE202011_FP_GEO_3285>git comit -m "workshop 03 operators"
git: 'comit' is not a git command. See 'git --help'.

The most similar command is
        commit

C:\Users\USER\Desktop\Programacion Quishpe Tania\ESPE202011_FP_GEO_3285>git comit -m "ws03operators"
git: 'comit' is not a git command. See 'git --help'.

The most similar command is
        commit

C:\Users\USER\Desktop\Programacion Quishpe Tania\ESPE202011_FP_GEO_3285>git comit -m "workshops 03 operators"
git: 'comit' is not a git command. See 'git --help'.

The most similar command is
        commit

C:\Users\USER\Desktop\Programacion Quishpe Tania\ESPE202011_FP_GEO_3285>cd ..

C:\Users\USER\Desktop\Programacion Quishpe Tania>cd C:\Users\USER\Desktop\Programacion Quishpe Tania

C:\Users\USER\Desktop\Programacion Quishpe Tania>C:\Users\USER\Desktop\Programacion Quishpe Tania\ESPE202011_FP_GEO_3285
"C:\Users\USER\Desktop\Programacion" no se reconoce como un comando interno o externo,
programa o archivo por lotes ejecutable.

C:\Users\USER\Desktop\Programacion Quishpe Tania>cd C:\Users\USER\Desktop\Programacion Quishpe Tania\ESPE202011_FP_GEO_3285

C:\Users\USER\Desktop\Programacion Quishpe Tania\ESPE202011_FP_GEO_3285>help comit -m"workshops 03 operators"
Proporciona información de ayuda para los comandos de Windows.

HELP [comando]

    comando - muestra información de ayuda del comando especificado.

C:\Users\USER\Desktop\Programacion Quishpe Tania\ESPE202011_FP_GEO_3285>git comit -m "workshops 03 BasicOpractions"
git: 'comit' is not a git command. See 'git --help'.

The most similar command is
        commit

C:\Users\USER\Desktop\Programacion Quishpe Tania\ESPE202011_FP_GEO_3285>git commit -m "workshops 03 operators"
Author identity unknown

*** Please tell me who you are.

Run

  git config --global user.email "you@example.com"
  git config --global user.name "Your Name"

to set your account's default identity.
Omit --global to set the identity only in this repository.

fatal: unable to auto-detect email address (got 'USER@DESKTOP-2UTE9D1.(none)')

C:\Users\USER\Desktop\Programacion Quishpe Tania\ESPE202011_FP_GEO_3285>git config --global user.email"tanializeth177@gmail.com"

C:\Users\USER\Desktop\Programacion Quishpe Tania\ESPE202011_FP_GEO_3285>git config --global user.name"TaniaQuishpe02"

C:\Users\USER\Desktop\Programacion Quishpe Tania\ESPE202011_FP_GEO_3285>git commit -m "worshops 03 operators"
Author identity unknown

*** Please tell me who you are.

Run

  git config --global user.email "you@example.com"
  git config --global user.name "Your Name"

to set your account's default identity.
Omit --global to set the identity only in this repository.

fatal: unable to auto-detect email address (got 'USER@DESKTOP-2UTE9D1.(none)')

C:\Users\USER\Desktop\Programacion Quishpe Tania\ESPE202011_FP_GEO_3285>git config --global user.email "tanializeth@gmail.com"

C:\Users\USER\Desktop\Programacion Quishpe Tania\ESPE202011_FP_GEO_3285>git config --global user.name "Tania Lizeth Quishpe Caiza"

C:\Users\USER\Desktop\Programacion Quishpe Tania\ESPE202011_FP_GEO_3285>git commit -m "workshops 03 operators"
[main 929197e] workshops 03 operators
 38 files changed, 6608 insertions(+)
 create mode 100644 .gitignore
 create mode 100644 assigments/README.txt
 create mode 100644 workshops/BasicOperactions/CopyLibs/org-netbeans-modules-java-j2seproject-copylibstask.jar
 create mode 100644 workshops/BasicOperactions/JavaApplication21/build.xml
 create mode 100644 workshops/BasicOperactions/JavaApplication21/manifest.mf
 create mode 100644 workshops/BasicOperactions/JavaApplication21/nbproject/build-impl.xml
 create mode 100644 workshops/BasicOperactions/JavaApplication21/nbproject/genfiles.properties
 create mode 100644 workshops/BasicOperactions/JavaApplication21/nbproject/project.properties
 create mode 100644 workshops/BasicOperactions/JavaApplication21/nbproject/project.xml
 create mode 100644 workshops/BasicOperactions/JavaApplication21/src/javaapplication21/JavaApplication21.java
 create mode 100644 workshops/BasicOperactions/build.xml
 create mode 100644 workshops/BasicOperactions/lib/CopyLibs/org-netbeans-modules-java-j2seproject-copylibstask.jar
 create mode 100644 workshops/BasicOperactions/lib/nblibraries.properties
 create mode 100644 workshops/BasicOperactions/manifest.mf
 create mode 100644 workshops/BasicOperactions/nblibraries.properties
 create mode 100644 workshops/BasicOperactions/nbproject/build-impl.xml
 create mode 100644 workshops/BasicOperactions/nbproject/genfiles.properties
 create mode 100644 workshops/BasicOperactions/nbproject/project.properties
 create mode 100644 workshops/BasicOperactions/nbproject/project.xml
 create mode 100644 workshops/BasicOperactions/src/basicoperactions/BasicOperactions.java
 create mode 100644 workshops/FP02_controlStatement/build.xml
 create mode 100644 workshops/FP02_controlStatement/manifest.mf
 create mode 100644 workshops/FP02_controlStatement/nbproject/build-impl.xml
 create mode 100644 workshops/FP02_controlStatement/nbproject/genfiles.properties
 create mode 100644 workshops/FP02_controlStatement/nbproject/project.properties
 create mode 100644 workshops/FP02_controlStatement/nbproject/project.xml
 create mode 100644 workshops/FP02_controlStatement/src/fp02_controlstatement/FP02_controlStatement.java
 create mode 100644 workshops/unit 1/README.txt
 create mode 100644 workshops/unit1/README
 create mode 100644 workshops/unit1/ws03operators/BasicOperactiones/build.xml
 create mode 100644 workshops/unit1/ws03operators/BasicOperactiones/lib/CopyLibs/org-netbeans-modules-java-j2seproject-copylibstask.jar
 create mode 100644 workshops/unit1/ws03operators/BasicOperactiones/lib/nblibraries.properties
 create mode 100644 workshops/unit1/ws03operators/BasicOperactiones/manifest.mf
 create mode 100644 workshops/unit1/ws03operators/BasicOperactiones/nbproject/build-impl.xml
 create mode 100644 workshops/unit1/ws03operators/BasicOperactiones/nbproject/genfiles.properties
 create mode 100644 workshops/unit1/ws03operators/BasicOperactiones/nbproject/project.properties
 create mode 100644 workshops/unit1/ws03operators/BasicOperactiones/nbproject/project.xml
 create mode 100644 workshops/unit1/ws03operators/BasicOperactiones/src/basicoperactiones/BasicOperactiones.java

C:\Users\USER\Desktop\Programacion Quishpe Tania\ESPE202011_FP_GEO_3285>git push
info: please complete authentication in your browser...
Enumerating objects: 57, done.
Counting objects: 100% (57/57), done.
Delta compression using up to 4 threads
Compressing objects: 100% (45/45), done.
Writing objects: 100% (56/56), 27.92 KiB | 1.33 MiB/s, done.
Total 56 (delta 17), reused 0 (delta 0), pack-reused 0
remote: Resolving deltas: 100% (17/17), done.
To https://github.com/TaniaQuishpe02/ESPE202011_FP_GEO_3285.git
   a988a6a..929197e  main -> main

C:\Users\USER\Desktop\Programacion Quishpe Tania\ESPE202011_FP_GEO_3285>git add -A

C:\Users\USER\Desktop\Programacion Quishpe Tania\ESPE202011_FP_GEO_3285>git commit -m "workshops 03 operators"
[main ac3d89c] workshops 03 operators
 10 files changed, 1695 deletions(-)
 delete mode 100644 workshops/unit1/README
 delete mode 100644 workshops/unit1/ws03operators/BasicOperactiones/build.xml
 delete mode 100644 workshops/unit1/ws03operators/BasicOperactiones/lib/CopyLibs/org-netbeans-modules-java-j2seproject-copylibstask.jar
 delete mode 100644 workshops/unit1/ws03operators/BasicOperactiones/lib/nblibraries.properties
 delete mode 100644 workshops/unit1/ws03operators/BasicOperactiones/manifest.mf
 delete mode 100644 workshops/unit1/ws03operators/BasicOperactiones/nbproject/build-impl.xml
 delete mode 100644 workshops/unit1/ws03operators/BasicOperactiones/nbproject/genfiles.properties
 delete mode 100644 workshops/unit1/ws03operators/BasicOperactiones/nbproject/project.properties
 delete mode 100644 workshops/unit1/ws03operators/BasicOperactiones/nbproject/project.xml
 delete mode 100644 workshops/unit1/ws03operators/BasicOperactiones/src/basicoperactiones/BasicOperactiones.java

C:\Users\USER\Desktop\Programacion Quishpe Tania\ESPE202011_FP_GEO_3285>git push
Enumerating objects: 5, done.
Counting objects: 100% (5/5), done.
Delta compression using up to 4 threads
Compressing objects: 100% (3/3), done.
Writing objects: 100% (3/3), 303 bytes | 151.00 KiB/s, done.
Total 3 (delta 2), reused 0 (delta 0), pack-reused 0
remote: Resolving deltas: 100% (2/2), completed with 2 local objects.
To https://github.com/TaniaQuishpe02/ESPE202011_FP_GEO_3285.git
   929197e..ac3d89c  main -> main